docker exec -it todo-backend-redis-1 /bin/bash
root@bd5e14398d97:/data# redis
bash: redis: command not found
root@bd5e14398d97:/data# redis-cli
127.0.0.1:6379> KEYS *
(empty array)
127.0.0.1:6379> GET todo_counter
(nil)
127.0.0.1:6379> SET todo_counter 9001
OK
127.0.0.1:6379> GET todo_counter
"9002"
127.0.0.1:6379> DEL todo_counter
(integer) 1
127.0.0.1:6379> GET todo_counter
(nil)
127.0.0.1:6379> GET todo_counter
"1"
127.0.0.1:6379> exit